
> signal-moi-frontend@1.0.0 build
> next build

  Ôû▓ Next.js 14.2.35
  - Environments: .env.local

   Creating an optimized production build ...
node.exe : Failed to compile.
Au caractère C:\nvm4w\nodejs\npm.ps1:29 : 3
+   & $NODE_EXE $NPM_CLI_JS $args
+   ~~~~~~~~~~~~~~~~~~~~~~~~~~~~~
    + CategoryInfo          : NotSpecified: (Failed to compile.:String) [], Re 
   moteException
    + FullyQualifiedErrorId : NativeCommandError
 

./src/pages/profile.js
Error: 
  [31mx[0m Unexpected token `(`. Expected identifier, string literal, 
numeric literal or [ for the computed key
     ,-[[36;1;4mC:\Users\MACHINE 
2\Desktop\signal-moi\frontend\src\pages\profile.js[0m:639:1]
 [2m639[0m | }
 [2m640[0m |                           size="sm"
 [2m641[0m |                           variant="primary"
 [2m642[0m |                           onClick={() => {
     : [31;1m                                   ^[0m
 [2m643[0m |                             const dashboardUrl = user?.role === 
'admin' ? '/admin/dashboard' :
 [2m644[0m |                                               user?.role === 
'police' ? '/police/dashboard' :
 [2m644[0m |                                               
'/collaborator/dashboard'
     `----

Caused by:
    Syntax Error

Import trace for requested module:
./src/pages/profile.js


> Build failed because of webpack errors
